Archive member included because of file (symbol)

c:/program files (x86)/gnu tools arm embedded/4.9 2015q3/bin/../lib/gcc/arm-none-eabi/4.9.3/../../../../arm-none-eabi/lib/armv7e-m\libc.a(lib_a-exit.o)
                              c:/program files (x86)/gnu tools arm embedded/4.9 2015q3/bin/../lib/gcc/arm-none-eabi/4.9.3/../../../../arm-none-eabi/lib/armv7e-m/crt0.o (exit)
c:/program files (x86)/gnu tools arm embedded/4.9 2015q3/bin/../lib/gcc/arm-none-eabi/4.9.3/../../../../arm-none-eabi/lib/armv7e-m\libc.a(lib_a-impure.o)
                              c:/program files (x86)/gnu tools arm embedded/4.9 2015q3/bin/../lib/gcc/arm-none-eabi/4.9.3/../../../../arm-none-eabi/lib/armv7e-m\libc.a(lib_a-exit.o) (_global_impure_ptr)
c:/program files (x86)/gnu tools arm embedded/4.9 2015q3/bin/../lib/gcc/arm-none-eabi/4.9.3/../../../../arm-none-eabi/lib/armv7e-m\libc.a(lib_a-init.o)
                              c:/program files (x86)/gnu tools arm embedded/4.9 2015q3/bin/../lib/gcc/arm-none-eabi/4.9.3/../../../../arm-none-eabi/lib/armv7e-m/crt0.o (__libc_init_array)
c:/program files (x86)/gnu tools arm embedded/4.9 2015q3/bin/../lib/gcc/arm-none-eabi/4.9.3/../../../../arm-none-eabi/lib/armv7e-m\libc.a(lib_a-memset.o)
                              c:/program files (x86)/gnu tools arm embedded/4.9 2015q3/bin/../lib/gcc/arm-none-eabi/4.9.3/../../../../arm-none-eabi/lib/armv7e-m/crt0.o (memset)
c:/program files (x86)/gnu tools arm embedded/4.9 2015q3/bin/../lib/gcc/arm-none-eabi/4.9.3/../../../../arm-none-eabi/lib/armv7e-m\libc.a(lib_a-__call_atexit.o)
                              c:/program files (x86)/gnu tools arm embedded/4.9 2015q3/bin/../lib/gcc/arm-none-eabi/4.9.3/../../../../arm-none-eabi/lib/armv7e-m\libc.a(lib_a-exit.o) (__call_exitprocs)
c:/program files (x86)/gnu tools arm embedded/4.9 2015q3/bin/../lib/gcc/arm-none-eabi/4.9.3/../../../../arm-none-eabi/lib/armv7e-m\libc.a(lib_a-atexit.o)
                              c:/program files (x86)/gnu tools arm embedded/4.9 2015q3/bin/../lib/gcc/arm-none-eabi/4.9.3/../../../../arm-none-eabi/lib/armv7e-m\libc.a(lib_a-__call_atexit.o) (atexit)
c:/program files (x86)/gnu tools arm embedded/4.9 2015q3/bin/../lib/gcc/arm-none-eabi/4.9.3/../../../../arm-none-eabi/lib/armv7e-m\libc.a(lib_a-fini.o)
                              c:/program files (x86)/gnu tools arm embedded/4.9 2015q3/bin/../lib/gcc/arm-none-eabi/4.9.3/../../../../arm-none-eabi/lib/armv7e-m\libc.a(lib_a-__call_atexit.o) (__libc_fini_array)
c:/program files (x86)/gnu tools arm embedded/4.9 2015q3/bin/../lib/gcc/arm-none-eabi/4.9.3/../../../../arm-none-eabi/lib/armv7e-m\libc.a(lib_a-__atexit.o)
                              c:/program files (x86)/gnu tools arm embedded/4.9 2015q3/bin/../lib/gcc/arm-none-eabi/4.9.3/../../../../arm-none-eabi/lib/armv7e-m\libc.a(lib_a-atexit.o) (__register_exitproc)
c:/program files (x86)/gnu tools arm embedded/4.9 2015q3/bin/../lib/gcc/arm-none-eabi/4.9.3/armv7e-m\libgcc.a(_arm_addsubsf3.o)
                              ..\obj\BaudRateAlgorithm.o (__aeabi_fsub)
c:/program files (x86)/gnu tools arm embedded/4.9 2015q3/bin/../lib/gcc/arm-none-eabi/4.9.3/armv7e-m\libgcc.a(_arm_muldivsf3.o)
                              ..\obj\BaudRateAlgorithm.o (__aeabi_fmul)
c:/program files (x86)/gnu tools arm embedded/4.9 2015q3/bin/../lib/gcc/arm-none-eabi/4.9.3/armv7e-m\libgcc.a(_arm_fixunssfsi.o)
                              ..\obj\BaudRateAlgorithm.o (__aeabi_f2uiz)

Allocating common symbols
Common symbol       size              file

byleButter          0x1               ..\obj\main.o

Discarded input sections

 .text          0x00000000        0x0 c:/program files (x86)/gnu tools arm embedded/4.9 2015q3/bin/../lib/gcc/arm-none-eabi/4.9.3/armv7e-m/crti.o
 .data          0x00000000        0x0 c:/program files (x86)/gnu tools arm embedded/4.9 2015q3/bin/../lib/gcc/arm-none-eabi/4.9.3/armv7e-m/crti.o
 .bss           0x00000000        0x0 c:/program files (x86)/gnu tools arm embedded/4.9 2015q3/bin/../lib/gcc/arm-none-eabi/4.9.3/armv7e-m/crti.o
 .data          0x00000000        0x4 c:/program files (x86)/gnu tools arm embedded/4.9 2015q3/bin/../lib/gcc/arm-none-eabi/4.9.3/armv7e-m/crtbegin.o
 .text          0x00000000       0x74 c:/program files (x86)/gnu tools arm embedded/4.9 2015q3/bin/../lib/gcc/arm-none-eabi/4.9.3/../../../../arm-none-eabi/lib/armv7e-m/crt0.o
 .data          0x00000000        0x0 c:/program files (x86)/gnu tools arm embedded/4.9 2015q3/bin/../lib/gcc/arm-none-eabi/4.9.3/../../../../arm-none-eabi/lib/armv7e-m/crt0.o
 .bss           0x00000000        0x0 c:/program files (x86)/gnu tools arm embedded/4.9 2015q3/bin/../lib/gcc/arm-none-eabi/4.9.3/../../../../arm-none-eabi/lib/armv7e-m/crt0.o
 .ARM.extab     0x00000000        0x0 c:/program files (x86)/gnu tools arm embedded/4.9 2015q3/bin/../lib/gcc/arm-none-eabi/4.9.3/../../../../arm-none-eabi/lib/armv7e-m/crt0.o
 .ARM.exidx     0x00000000        0x8 c:/program files (x86)/gnu tools arm embedded/4.9 2015q3/bin/../lib/gcc/arm-none-eabi/4.9.3/../../../../arm-none-eabi/lib/armv7e-m/crt0.o
 .ARM.attributes
                0x00000000       0x1c c:/program files (x86)/gnu tools arm embedded/4.9 2015q3/bin/../lib/gcc/arm-none-eabi/4.9.3/../../../../arm-none-eabi/lib/armv7e-m/crt0.o
 .text          0x00000000        0x0 c:/program files (x86)/gnu tools arm embedded/4.9 2015q3/bin/../lib/gcc/arm-none-eabi/4.9.3/../../../../arm-none-eabi/lib/armv7e-m\libc.a(lib_a-exit.o)
 .data          0x00000000        0x0 c:/program files (x86)/gnu tools arm embedded/4.9 2015q3/bin/../lib/gcc/arm-none-eabi/4.9.3/../../../../arm-none-eabi/lib/armv7e-m\libc.a(lib_a-exit.o)
 .bss           0x00000000        0x0 c:/program files (x86)/gnu tools arm embedded/4.9 2015q3/bin/../lib/gcc/arm-none-eabi/4.9.3/../../../../arm-none-eabi/lib/armv7e-m\libc.a(lib_a-exit.o)
 .text.exit     0x00000000       0x20 c:/program files (x86)/gnu tools arm embedded/4.9 2015q3/bin/../lib/gcc/arm-none-eabi/4.9.3/../../../../arm-none-eabi/lib/armv7e-m\libc.a(lib_a-exit.o)
 .debug_frame   0x00000000       0x28 c:/program files (x86)/gnu tools arm embedded/4.9 2015q3/bin/../lib/gcc/arm-none-eabi/4.9.3/../../../../arm-none-eabi/lib/armv7e-m\libc.a(lib_a-exit.o)
 .ARM.attributes
                0x00000000       0x2e c:/program files (x86)/gnu tools arm embedded/4.9 2015q3/bin/../lib/gcc/arm-none-eabi/4.9.3/../../../../arm-none-eabi/lib/armv7e-m\libc.a(lib_a-exit.o)
 .text          0x00000000        0x0 c:/program files (x86)/gnu tools arm embedded/4.9 2015q3/bin/../lib/gcc/arm-none-eabi/4.9.3/../../../../arm-none-eabi/lib/armv7e-m\libc.a(lib_a-impure.o)
 .data          0x00000000        0x0 c:/program files (x86)/gnu tools arm embedded/4.9 2015q3/bin/../lib/gcc/arm-none-eabi/4.9.3/../../../../arm-none-eabi/lib/armv7e-m\libc.a(lib_a-impure.o)
 .bss           0x00000000        0x0 c:/program files (x86)/gnu tools arm embedded/4.9 2015q3/bin/../lib/gcc/arm-none-eabi/4.9.3/../../../../arm-none-eabi/lib/armv7e-m\libc.a(lib_a-impure.o)
 .data._impure_ptr
                0x00000000        0x4 c:/program files (x86)/gnu tools arm embedded/4.9 2015q3/bin/../lib/gcc/arm-none-eabi/4.9.3/../../../../arm-none-eabi/lib/armv7e-m\libc.a(lib_a-impure.o)
 .ARM.attributes
                0x00000000       0x2e c:/program files (x86)/gnu tools arm embedded/4.9 2015q3/bin/../lib/gcc/arm-none-eabi/4.9.3/../../../../arm-none-eabi/lib/armv7e-m\libc.a(lib_a-impure.o)
 .text          0x00000000        0x0 c:/program files (x86)/gnu tools arm embedded/4.9 2015q3/bin/../lib/gcc/arm-none-eabi/4.9.3/../../../../arm-none-eabi/lib/armv7e-m\libc.a(lib_a-init.o)
 .data          0x00000000        0x0 c:/program files (x86)/gnu tools arm embedded/4.9 2015q3/bin/../lib/gcc/arm-none-eabi/4.9.3/../../../../arm-none-eabi/lib/armv7e-m\libc.a(lib_a-init.o)
 .bss           0x00000000        0x0 c:/program files (x86)/gnu tools arm embedded/4.9 2015q3/bin/../lib/gcc/arm-none-eabi/4.9.3/../../../../arm-none-eabi/lib/armv7e-m\libc.a(lib_a-init.o)
 .debug_frame   0x00000000       0x2c c:/program files (x86)/gnu tools arm embedded/4.9 2015q3/bin/../lib/gcc/arm-none-eabi/4.9.3/../../../../arm-none-eabi/lib/armv7e-m\libc.a(lib_a-init.o)
 .ARM.attributes
                0x00000000       0x2e c:/program files (x86)/gnu tools arm embedded/4.9 2015q3/bin/../lib/gcc/arm-none-eabi/4.9.3/../../../../arm-none-eabi/lib/armv7e-m\libc.a(lib_a-init.o)
 .text          0x00000000        0x0 c:/program files (x86)/gnu tools arm embedded/4.9 2015q3/bin/../lib/gcc/arm-none-eabi/4.9.3/../../../../arm-none-eabi/lib/armv7e-m\libc.a(lib_a-memset.o)
 .data          0x00000000        0x0 c:/program files (x86)/gnu tools arm embedded/4.9 2015q3/bin/../lib/gcc/arm-none-eabi/4.9.3/../../../../arm-none-eabi/lib/armv7e-m\libc.a(lib_a-memset.o)
 .bss           0x00000000        0x0 c:/program files (x86)/gnu tools arm embedded/4.9 2015q3/bin/../lib/gcc/arm-none-eabi/4.9.3/../../../../arm-none-eabi/lib/armv7e-m\libc.a(lib_a-memset.o)
 .text.memset   0x00000000       0x9c c:/program files (x86)/gnu tools arm embedded/4.9 2015q3/bin/../lib/gcc/arm-none-eabi/4.9.3/../../../../arm-none-eabi/lib/armv7e-m\libc.a(lib_a-memset.o)
 .debug_frame   0x00000000       0x34 c:/program files (x86)/gnu tools arm embedded/4.9 2015q3/bin/../lib/gcc/arm-none-eabi/4.9.3/../../../../arm-none-eabi/lib/armv7e-m\libc.a(lib_a-memset.o)
 .ARM.attributes
                0x00000000       0x2e c:/program files (x86)/gnu tools arm embedded/4.9 2015q3/bin/../lib/gcc/arm-none-eabi/4.9.3/../../../../arm-none-eabi/lib/armv7e-m\libc.a(lib_a-memset.o)
 .text          0x00000000        0x0 c:/program files (x86)/gnu tools arm embedded/4.9 2015q3/bin/../lib/gcc/arm-none-eabi/4.9.3/../../../../arm-none-eabi/lib/armv7e-m\libc.a(lib_a-__call_atexit.o)
 .data          0x00000000        0x0 c:/program files (x86)/gnu tools arm embedded/4.9 2015q3/bin/../lib/gcc/arm-none-eabi/4.9.3/../../../../arm-none-eabi/lib/armv7e-m\libc.a(lib_a-__call_atexit.o)
 .bss           0x00000000        0x0 c:/program files (x86)/gnu tools arm embedded/4.9 2015q3/bin/../lib/gcc/arm-none-eabi/4.9.3/../../../../arm-none-eabi/lib/armv7e-m\libc.a(lib_a-__call_atexit.o)
 .text.__call_exitprocs
                0x00000000       0xd4 c:/program files (x86)/gnu tools arm embedded/4.9 2015q3/bin/../lib/gcc/arm-none-eabi/4.9.3/../../../../arm-none-eabi/lib/armv7e-m\libc.a(lib_a-__call_atexit.o)
 .debug_frame   0x00000000       0x50 c:/program files (x86)/gnu tools arm embedded/4.9 2015q3/bin/../lib/gcc/arm-none-eabi/4.9.3/../../../../arm-none-eabi/lib/armv7e-m\libc.a(lib_a-__call_atexit.o)
 .ARM.attributes
                0x00000000       0x2e c:/program files (x86)/gnu tools arm embedded/4.9 2015q3/bin/../lib/gcc/arm-none-eabi/4.9.3/../../../../arm-none-eabi/lib/armv7e-m\libc.a(lib_a-__call_atexit.o)
 .text          0x00000000        0x0 c:/program files (x86)/gnu tools arm embedded/4.9 2015q3/bin/../lib/gcc/arm-none-eabi/4.9.3/../../../../arm-none-eabi/lib/armv7e-m\libc.a(lib_a-atexit.o)
 .data          0x00000000        0x0 c:/program files (x86)/gnu tools arm embedded/4.9 2015q3/bin/../lib/gcc/arm-none-eabi/4.9.3/../../../../arm-none-eabi/lib/armv7e-m\libc.a(lib_a-atexit.o)
 .bss           0x00000000        0x0 c:/program files (x86)/gnu tools arm embedded/4.9 2015q3/bin/../lib/gcc/arm-none-eabi/4.9.3/../../../../arm-none-eabi/lib/armv7e-m\libc.a(lib_a-atexit.o)
 .debug_frame   0x00000000       0x20 c:/program files (x86)/gnu tools arm embedded/4.9 2015q3/bin/../lib/gcc/arm-none-eabi/4.9.3/../../../../arm-none-eabi/lib/armv7e-m\libc.a(lib_a-atexit.o)
 .ARM.attributes
                0x00000000       0x2e c:/program files (x86)/gnu tools arm embedded/4.9 2015q3/bin/../lib/gcc/arm-none-eabi/4.9.3/../../../../arm-none-eabi/lib/armv7e-m\libc.a(lib_a-atexit.o)
 .text          0x00000000        0x0 c:/program files (x86)/gnu tools arm embedded/4.9 2015q3/bin/../lib/gcc/arm-none-eabi/4.9.3/../../../../arm-none-eabi/lib/armv7e-m\libc.a(lib_a-fini.o)
 .data          0x00000000        0x0 c:/program files (x86)/gnu tools arm embedded/4.9 2015q3/bin/../lib/gcc/arm-none-eabi/4.9.3/../../../../arm-none-eabi/lib/armv7e-m\libc.a(lib_a-fini.o)
 .bss           0x00000000        0x0 c:/program files (x86)/gnu tools arm embedded/4.9 2015q3/bin/../lib/gcc/arm-none-eabi/4.9.3/../../../../arm-none-eabi/lib/armv7e-m\libc.a(lib_a-fini.o)
 .debug_frame   0x00000000       0x34 c:/program files (x86)/gnu tools arm embedded/4.9 2015q3/bin/../lib/gcc/arm-none-eabi/4.9.3/../../../../arm-none-eabi/lib/armv7e-m\libc.a(lib_a-fini.o)
 .ARM.attributes
                0x00000000       0x2e c:/program files (x86)/gnu tools arm embedded/4.9 2015q3/bin/../lib/gcc/arm-none-eabi/4.9.3/../../../../arm-none-eabi/lib/armv7e-m\libc.a(lib_a-fini.o)
 .text          0x00000000        0x0 c:/program files (x86)/gnu tools arm embedded/4.9 2015q3/bin/../lib/gcc/arm-none-eabi/4.9.3/../../../../arm-none-eabi/lib/armv7e-m\libc.a(lib_a-__atexit.o)
 .data          0x00000000        0x0 c:/program files (x86)/gnu tools arm embedded/4.9 2015q3/bin/../lib/gcc/arm-none-eabi/4.9.3/../../../../arm-none-eabi/lib/armv7e-m\libc.a(lib_a-__atexit.o)
 .bss           0x00000000        0x0 c:/program files (x86)/gnu tools arm embedded/4.9 2015q3/bin/../lib/gcc/arm-none-eabi/4.9.3/../../../../arm-none-eabi/lib/armv7e-m\libc.a(lib_a-__atexit.o)
 .debug_frame   0x00000000       0x34 c:/program files (x86)/gnu tools arm embedded/4.9 2015q3/bin/../lib/gcc/arm-none-eabi/4.9.3/../../../../arm-none-eabi/lib/armv7e-m\libc.a(lib_a-__atexit.o)
 .ARM.attributes
                0x00000000       0x2e c:/program files (x86)/gnu tools arm embedded/4.9 2015q3/bin/../lib/gcc/arm-none-eabi/4.9.3/../../../../arm-none-eabi/lib/armv7e-m\libc.a(lib_a-__atexit.o)
 .data          0x00000000        0x0 ..\obj\Rcc.o
 .bss           0x00000000        0x0 ..\obj\Rcc.o
 .data          0x00000000        0x0 ..\obj\UART.o
 .bss           0x00000000        0x0 ..\obj\UART.o
 .data          0x00000000        0x0 ..\obj\stm32f4xx_hal_rcc.o
 .bss           0x00000000        0x0 ..\obj\stm32f4xx_hal_rcc.o
 .data          0x00000000        0x0 ..\obj\Gpio.o
 .bss           0x00000000        0x0 ..\obj\Gpio.o
 .data          0x00000000        0x0 ..\obj\BaudRateAlgorithm.o
 .bss           0x00000000        0x0 ..\obj\BaudRateAlgorithm.o
 .text          0x00000000       0x14 ..\obj\startup_stm32f429xx.o
 .data          0x00000000        0x0 ..\obj\startup_stm32f429xx.o
 .bss           0x00000000        0x0 ..\obj\startup_stm32f429xx.o
 .data          0x00000000        0x0 ..\obj\stm32f4xx_hal_gpio.o
 .bss           0x00000000        0x0 ..\obj\stm32f4xx_hal_gpio.o
 .data          0x00000000        0x0 ..\obj\main.o
 .bss           0x00000000        0x0 ..\obj\main.o
 COMMON         0x00000000        0x1 ..\obj\main.o
 .bss           0x00000000        0x0 ..\obj\system_stm32f4xx.o
 .data          0x00000000        0x0 ..\obj\stm32f4xx_hal.o
 .data          0x00000000        0x0 ..\obj\stm32f4xx_hal_cortex.o
 .bss           0x00000000        0x0 ..\obj\stm32f4xx_hal_cortex.o
 .data          0x00000000        0x0 c:/program files (x86)/gnu tools arm embedded/4.9 2015q3/bin/../lib/gcc/arm-none-eabi/4.9.3/armv7e-m\libgcc.a(_arm_addsubsf3.o)
 .bss           0x00000000        0x0 c:/program files (x86)/gnu tools arm embedded/4.9 2015q3/bin/../lib/gcc/arm-none-eabi/4.9.3/armv7e-m\libgcc.a(_arm_addsubsf3.o)
 .data          0x00000000        0x0 c:/program files (x86)/gnu tools arm embedded/4.9 2015q3/bin/../lib/gcc/arm-none-eabi/4.9.3/armv7e-m\libgcc.a(_arm_muldivsf3.o)
 .bss           0x00000000        0x0 c:/program files (x86)/gnu tools arm embedded/4.9 2015q3/bin/../lib/gcc/arm-none-eabi/4.9.3/armv7e-m\libgcc.a(_arm_muldivsf3.o)
 .data          0x00000000        0x0 c:/program files (x86)/gnu tools arm embedded/4.9 2015q3/bin/../lib/gcc/arm-none-eabi/4.9.3/armv7e-m\libgcc.a(_arm_fixunssfsi.o)
 .bss           0x00000000        0x0 c:/program files (x86)/gnu tools arm embedded/4.9 2015q3/bin/../lib/gcc/arm-none-eabi/4.9.3/armv7e-m\libgcc.a(_arm_fixunssfsi.o)
 .text          0x00000000        0x0 c:/program files (x86)/gnu tools arm embedded/4.9 2015q3/bin/../lib/gcc/arm-none-eabi/4.9.3/armv7e-m/crtend.o
 .data          0x00000000        0x0 c:/program files (x86)/gnu tools arm embedded/4.9 2015q3/bin/../lib/gcc/arm-none-eabi/4.9.3/armv7e-m/crtend.o
 .bss           0x00000000        0x0 c:/program files (x86)/gnu tools arm embedded/4.9 2015q3/bin/../lib/gcc/arm-none-eabi/4.9.3/armv7e-m/crtend.o
 .eh_frame      0x00000000        0x4 c:/program files (x86)/gnu tools arm embedded/4.9 2015q3/bin/../lib/gcc/arm-none-eabi/4.9.3/armv7e-m/crtend.o
 .jcr           0x00000000        0x4 c:/program files (x86)/gnu tools arm embedded/4.9 2015q3/bin/../lib/gcc/arm-none-eabi/4.9.3/armv7e-m/crtend.o
 .ARM.attributes
                0x00000000       0x2e c:/program files (x86)/gnu tools arm embedded/4.9 2015q3/bin/../lib/gcc/arm-none-eabi/4.9.3/armv7e-m/crtend.o
 .text          0x00000000        0x0 c:/program files (x86)/gnu tools arm embedded/4.9 2015q3/bin/../lib/gcc/arm-none-eabi/4.9.3/armv7e-m/crtn.o
 .data          0x00000000        0x0 c:/program files (x86)/gnu tools arm embedded/4.9 2015q3/bin/../lib/gcc/arm-none-eabi/4.9.3/armv7e-m/crtn.o
 .bss           0x00000000        0x0 c:/program files (x86)/gnu tools arm embedded/4.9 2015q3/bin/../lib/gcc/arm-none-eabi/4.9.3/armv7e-m/crtn.o

Memory Configuration

Name             Origin             Length             Attributes
FLASH            0x08000000         0x00200000         xr
RAM              0x20000000         0x00030000         xrw
CCMRAM           0x10000000         0x00010000         rw
*default*        0x00000000         0xffffffff

Linker script and memory map

LOAD c:/program files (x86)/gnu tools arm embedded/4.9 2015q3/bin/../lib/gcc/arm-none-eabi/4.9.3/armv7e-m/crti.o
LOAD c:/program files (x86)/gnu tools arm embedded/4.9 2015q3/bin/../lib/gcc/arm-none-eabi/4.9.3/armv7e-m/crtbegin.o
LOAD c:/program files (x86)/gnu tools arm embedded/4.9 2015q3/bin/../lib/gcc/arm-none-eabi/4.9.3/../../../../arm-none-eabi/lib/armv7e-m/crt0.o
                0x2002ffff                _estack = 0x2002ffff
                0x00000200                _Min_Heap_Size = 0x200
                0x00000400                _Min_Stack_Size = 0x400

.isr_vector     0x08000000      0x1ac
                0x08000000                . = ALIGN (0x4)
 *(.isr_vector)
 .isr_vector    0x08000000      0x1ac ..\obj\startup_stm32f429xx.o
                0x08000000                g_pfnVectors
                0x080001ac                . = ALIGN (0x4)

.text           0x080001ac     0x3014
                0x080001ac                . = ALIGN (0x4)
 *(.text)
 .text          0x080001ac       0x5c c:/program files (x86)/gnu tools arm embedded/4.9 2015q3/bin/../lib/gcc/arm-none-eabi/4.9.3/armv7e-m/crtbegin.o
 .text          0x08000208      0x188 ..\obj\Rcc.o
                0x08000208                gpioUnresetEnableClock
                0x0800026c                getSystemClock
                0x0800037c                getAHB2Clock
 .text          0x08000390      0x3d0 ..\obj\UART.o
                0x08000390                checkUART5err
                0x08000404                handleUART5ErrInInterrupt
                0x080004d0                handleUART5err
                0x0800051c                clearInterruptFlag
                0x08000534                congifureUART_IE
                0x0800059c                configureUART
                0x08000650                uart5UnresetEnableClock
                0x0800067c                sendByle
                0x080006a4                receivedByle
                0x080006d8                getBit
                0x08000700                getUART5Status
                0x0800072c                sendBreak
                0x08000748                stopBreak
 .text          0x08000760      0xd74 ..\obj\stm32f4xx_hal_rcc.o
                0x08000760                HAL_RCC_DeInit
                0x080007d8                HAL_RCC_OscConfig
                0x08000c90                HAL_RCC_ClockConfig
                0x08000fac                HAL_RCC_MCOConfig
                0x08001070                HAL_RCC_EnableCSS
                0x08001088                HAL_RCC_DisableCSS
                0x080010a0                HAL_RCC_GetSysClockFreq
                0x080011b8                HAL_RCC_GetHCLKFreq
                0x08001210                HAL_RCC_GetPCLK1Freq
                0x0800125c                HAL_RCC_GetPCLK2Freq
                0x080012a8                HAL_RCC_GetOscConfig
                0x08001444                HAL_RCC_GetClockConfig
                0x080014a4                HAL_RCC_NMI_IRQHandler
                0x080014c8                HAL_RCC_CSSCallback
 .text          0x080014d4      0x2a4 ..\obj\Gpio.o
                0x080014d4                writeOutHigh
                0x08001510                writeOutLow
                0x08001544                writeReset
                0x0800156c                writeSet
                0x08001590                configureIntPin
                0x080015f4                configureOutPin
                0x08001680                configureAlterFuncPin
                0x08001758                filterSignal
 .text          0x08001778       0xd0 ..\obj\BaudRateAlgorithm.o
                0x08001778                baudRateSetting
                0x080017f4                roundOff
 .text          0x08001848      0x674 ..\obj\stm32f4xx_hal_gpio.o
                0x08001848                HAL_GPIO_Init
                0x08001b90                HAL_GPIO_DeInit
                0x08001da4                HAL_GPIO_ReadPin
                0x08001dd4                HAL_GPIO_WritePin
                0x08001e04                HAL_GPIO_TogglePin
                0x08001e28                HAL_GPIO_LockPin
                0x08001e78                HAL_GPIO_EXTI_IRQHandler
                0x08001ea8                HAL_GPIO_EXTI_Callback
 .text          0x08001ebc      0x130 ..\obj\main.o
                0x08001ebc                delay
                0x08001edc                UART5_IRQHandler
                0x08001f50                main
 .text          0x08001fec      0x280 ..\obj\system_stm32f4xx.o
                0x08001fec                SystemInit
                0x08002048                SystemCoreClockUpdate
 .text          0x0800226c      0x368 ..\obj\stm32f4xx_hal.o
                0x0800226c                HAL_Init
                0x080022a4                HAL_DeInit
                0x080022fc                HAL_MspInit
                0x08002308                HAL_MspDeInit
                0x08002314                HAL_InitTick
                0x0800234c                HAL_IncTick
                0x08002368                HAL_GetTick
                0x08002380                HAL_Delay
                0x080023ac                HAL_SuspendTick
                0x080023c8                HAL_ResumeTick
                0x080023e4                HAL_GetHalVersion
                0x080023f8                HAL_GetREVID
                0x08002410                HAL_GetDEVID
                0x0800242c                HAL_DBGMCU_EnableDBGSleepMode
                0x08002448                HAL_DBGMCU_DisableDBGSleepMode
                0x08002464                HAL_DBGMCU_EnableDBGStopMode
                0x08002480                HAL_DBGMCU_DisableDBGStopMode
                0x0800249c                HAL_DBGMCU_EnableDBGStandbyMode
                0x080024b8                HAL_DBGMCU_DisableDBGStandbyMode
                0x080024d4                HAL_EnableCompensationCell
                0x08002514                HAL_DisableCompensationCell
                0x08002554                HAL_EnableMemorySwappingBank
                0x08002594                HAL_DisableMemorySwappingBank
 .text          0x080025d4      0x544 ..\obj\stm32f4xx_hal_cortex.o
                0x08002968                HAL_NVIC_SetPriorityGrouping
                0x0800297c                HAL_NVIC_SetPriority
                0x080029b4                HAL_NVIC_EnableIRQ
                0x080029d0                HAL_NVIC_DisableIRQ
                0x080029ec                HAL_NVIC_SystemReset
                0x080029f8                HAL_SYSTICK_Config
                0x08002a10                HAL_NVIC_GetPriorityGrouping
                0x08002a20                HAL_NVIC_GetPriority
                0x08002a50                HAL_NVIC_SetPendingIRQ
                0x08002a6c                HAL_NVIC_GetPendingIRQ
                0x08002a8c                HAL_NVIC_ClearPendingIRQ
                0x08002aa8                HAL_NVIC_GetActive
                0x08002ac8                HAL_SYSTICK_CLKSourceConfig
                0x08002b00                HAL_SYSTICK_IRQHandler
                0x08002b0c                HAL_SYSTICK_Callback
 .text          0x08002b18      0x21c c:/program files (x86)/gnu tools arm embedded/4.9 2015q3/bin/../lib/gcc/arm-none-eabi/4.9.3/armv7e-m\libgcc.a(_arm_addsubsf3.o)
                0x08002b18                __aeabi_frsub
                0x08002b20                __subsf3
                0x08002b20                __aeabi_fsub
                0x08002b24                __aeabi_fadd
                0x08002b24                __addsf3
                0x08002c84                __aeabi_ui2f
                0x08002c84                __floatunsisf
                0x08002c8c                __aeabi_i2f
                0x08002c8c                __floatsisf
                0x08002ca8                __aeabi_ul2f
                0x08002ca8                __floatundisf
                0x08002cb8                __aeabi_l2f
                0x08002cb8                __floatdisf
 .text          0x08002d34      0x2a0 c:/program files (x86)/gnu tools arm embedded/4.9 2015q3/bin/../lib/gcc/arm-none-eabi/4.9.3/armv7e-m\libgcc.a(_arm_muldivsf3.o)
                0x08002d34                __mulsf3
                0x08002d34                __aeabi_fmul
                0x08002e9c                __aeabi_fdiv
                0x08002e9c                __divsf3
 .text          0x08002fd4       0x40 c:/program files (x86)/gnu tools arm embedded/4.9 2015q3/bin/../lib/gcc/arm-none-eabi/4.9.3/armv7e-m\libgcc.a(_arm_fixunssfsi.o)
                0x08002fd4                __fixunssfsi
                0x08002fd4                __aeabi_f2uiz
 *(.text*)
 .text.__libc_init_array
                0x08003014       0x50 c:/program files (x86)/gnu tools arm embedded/4.9 2015q3/bin/../lib/gcc/arm-none-eabi/4.9.3/../../../../arm-none-eabi/lib/armv7e-m\libc.a(lib_a-init.o)
                0x08003014                __libc_init_array
 .text.startup.register_fini
                0x08003064       0x14 c:/program files (x86)/gnu tools arm embedded/4.9 2015q3/bin/../lib/gcc/arm-none-eabi/4.9.3/../../../../arm-none-eabi/lib/armv7e-m\libc.a(lib_a-__call_atexit.o)
 .text.atexit   0x08003078        0xc c:/program files (x86)/gnu tools arm embedded/4.9 2015q3/bin/../lib/gcc/arm-none-eabi/4.9.3/../../../../arm-none-eabi/lib/armv7e-m\libc.a(lib_a-atexit.o)
                0x08003078                atexit
 .text.__libc_fini_array
                0x08003084       0x2c c:/program files (x86)/gnu tools arm embedded/4.9 2015q3/bin/../lib/gcc/arm-none-eabi/4.9.3/../../../../arm-none-eabi/lib/armv7e-m\libc.a(lib_a-fini.o)
                0x08003084                __libc_fini_array
 .text.__register_exitproc
                0x080030b0       0xa4 c:/program files (x86)/gnu tools arm embedded/4.9 2015q3/bin/../lib/gcc/arm-none-eabi/4.9.3/../../../../arm-none-eabi/lib/armv7e-m\libc.a(lib_a-__atexit.o)
                0x080030b0                __register_exitproc
 .text.Reset_Handler
                0x08003154       0x50 ..\obj\startup_stm32f429xx.o
                0x08003154                Reset_Handler
 .text.Default_Handler
                0x080031a4        0x2 ..\obj\startup_stm32f429xx.o
                0x080031a4                RTC_Alarm_IRQHandler
                0x080031a4                HASH_RNG_IRQHandler
                0x080031a4                EXTI2_IRQHandler
                0x080031a4                TIM8_CC_IRQHandler
                0x080031a4                DebugMon_Handler
                0x080031a4                UART8_IRQHandler
                0x080031a4                SPI4_IRQHandler
                0x080031a4                TIM1_CC_IRQHandler
                0x080031a4                DMA2_Stream5_IRQHandler
                0x080031a4                HardFault_Handler
                0x080031a4                DMA1_Stream5_IRQHandler
                0x080031a4                SysTick_Handler
                0x080031a4                PVD_IRQHandler
                0x080031a4                SDIO_IRQHandler
                0x080031a4                TAMP_STAMP_IRQHandler
                0x080031a4                PendSV_Handler
                0x080031a4                NMI_Handler
                0x080031a4                CAN2_RX1_IRQHandler
                0x080031a4                EXTI3_IRQHandler
                0x080031a4                TIM8_TRG_COM_TIM14_IRQHandler
                0x080031a4                TIM1_UP_TIM10_IRQHandler
                0x080031a4                TIM8_UP_TIM13_IRQHandler
                0x080031a4                I2C3_ER_IRQHandler
                0x080031a4                EXTI0_IRQHandler
                0x080031a4                I2C2_EV_IRQHandler
                0x080031a4                DMA1_Stream2_IRQHandler
                0x080031a4                CAN1_RX0_IRQHandler
                0x080031a4                FPU_IRQHandler
                0x080031a4                OTG_HS_WKUP_IRQHandler
                0x080031a4                UsageFault_Handler
                0x080031a4                LTDC_ER_IRQHandler
                0x080031a4                CAN2_SCE_IRQHandler
                0x080031a4                DMA2_Stream2_IRQHandler
                0x080031a4                SPI1_IRQHandler
                0x080031a4                TIM6_DAC_IRQHandler
                0x080031a4                TIM1_BRK_TIM9_IRQHandler
                0x080031a4                DCMI_IRQHandler
                0x080031a4                CAN2_RX0_IRQHandler
                0x080031a4                DMA2_Stream3_IRQHandler
                0x080031a4                USART6_IRQHandler
                0x080031a4                USART3_IRQHandler
                0x080031a4                CAN1_RX1_IRQHandler
                0x080031a4                DMA2_Stream0_IRQHandler
                0x080031a4                TIM4_IRQHandler
                0x080031a4                I2C1_EV_IRQHandler
                0x080031a4                DMA1_Stream6_IRQHandler
                0x080031a4                DMA1_Stream1_IRQHandler
                0x080031a4                UART4_IRQHandler
                0x080031a4                TIM3_IRQHandler
                0x080031a4                RCC_IRQHandler
                0x080031a4                TIM8_BRK_TIM12_IRQHandler
                0x080031a4                Default_Handler
                0x080031a4                EXTI15_10_IRQHandler
                0x080031a4                ADC_IRQHandler
                0x080031a4                DMA1_Stream7_IRQHandler
                0x080031a4                SPI5_IRQHandler
                0x080031a4                TIM7_IRQHandler
                0x080031a4                CAN2_TX_IRQHandler
                0x080031a4                TIM5_IRQHandler
                0x080031a4                DMA2_Stream7_IRQHandler
                0x080031a4                I2C3_EV_IRQHandler
                0x080031a4                EXTI9_5_IRQHandler
                0x080031a4                RTC_WKUP_IRQHandler
                0x080031a4                LTDC_IRQHandler
                0x080031a4                ETH_WKUP_IRQHandler
                0x080031a4                SPI2_IRQHandler
                0x080031a4                OTG_HS_EP1_IN_IRQHandler
                0x080031a4                MemManage_Handler
                0x080031a4                DMA1_Stream0_IRQHandler
                0x080031a4                CAN1_TX_IRQHandler
                0x080031a4                SVC_Handler
                0x080031a4                EXTI4_IRQHandler
                0x080031a4                ETH_IRQHandler
                0x080031a4                OTG_HS_EP1_OUT_IRQHandler
                0x080031a4                WWDG_IRQHandler
                0x080031a4                SPI6_IRQHandler
                0x080031a4                TIM2_IRQHandler
                0x080031a4                OTG_FS_WKUP_IRQHandler
                0x080031a4                TIM1_TRG_COM_TIM11_IRQHandler
                0x080031a4                OTG_HS_IRQHandler
                0x080031a4                DMA2D_IRQHandler
                0x080031a4                EXTI1_IRQHandler
                0x080031a4                UART7_IRQHandler
                0x080031a4                USART2_IRQHandler
                0x080031a4                I2C2_ER_IRQHandler
                0x080031a4                DMA2_Stream1_IRQHandler
                0x080031a4                CAN1_SCE_IRQHandler
                0x080031a4                FLASH_IRQHandler
                0x080031a4                DMA2_Stream4_IRQHandler
                0x080031a4                BusFault_Handler
                0x080031a4                USART1_IRQHandler
                0x080031a4                OTG_FS_IRQHandler
                0x080031a4                SPI3_IRQHandler
                0x080031a4                DMA1_Stream4_IRQHandler
                0x080031a4                I2C1_ER_IRQHandler
                0x080031a4                FMC_IRQHandler
                0x080031a4                DMA2_Stream6_IRQHandler
                0x080031a4                SAI1_IRQHandler
                0x080031a4                DMA1_Stream3_IRQHandler
 *(.glue_7)
 .glue_7        0x00000000        0x0 linker stubs
 *(.glue_7t)
 .glue_7t       0x00000000        0x0 linker stubs
 *(.eh_frame)
 *fill*         0x080031a6        0x2 
 .eh_frame      0x080031a8        0x0 c:/program files (x86)/gnu tools arm embedded/4.9 2015q3/bin/../lib/gcc/arm-none-eabi/4.9.3/armv7e-m/crtbegin.o
 *(.init)
 .init          0x080031a8        0x4 c:/program files (x86)/gnu tools arm embedded/4.9 2015q3/bin/../lib/gcc/arm-none-eabi/4.9.3/armv7e-m/crti.o
                0x080031a8                _init
 .init          0x080031ac        0x8 c:/program files (x86)/gnu tools arm embedded/4.9 2015q3/bin/../lib/gcc/arm-none-eabi/4.9.3/armv7e-m/crtn.o
 *(.fini)
 .fini          0x080031b4        0x4 c:/program files (x86)/gnu tools arm embedded/4.9 2015q3/bin/../lib/gcc/arm-none-eabi/4.9.3/armv7e-m/crti.o
                0x080031b4                _fini
 .fini          0x080031b8        0x8 c:/program files (x86)/gnu tools arm embedded/4.9 2015q3/bin/../lib/gcc/arm-none-eabi/4.9.3/armv7e-m/crtn.o
                0x080031c0                . = ALIGN (0x4)
                0x080031c0                _etext = .

.vfp11_veneer   0x080031c0        0x0
 .vfp11_veneer  0x00000000        0x0 linker stubs

.v4_bx          0x080031c0        0x0
 .v4_bx         0x00000000        0x0 linker stubs

.iplt           0x080031c0        0x0
 .iplt          0x00000000        0x0 c:/program files (x86)/gnu tools arm embedded/4.9 2015q3/bin/../lib/gcc/arm-none-eabi/4.9.3/armv7e-m/crtbegin.o

.rodata         0x080031c0       0x68
                0x080031c0                . = ALIGN (0x4)
 *(.rodata)
 .rodata        0x080031c0       0x50 ..\obj\Rcc.o
 .rodata        0x08003210       0x10 ..\obj\stm32f4xx_hal_rcc.o
                0x08003210                APBAHBPrescTable
 *(.rodata*)
 .rodata.str1.4
                0x08003220        0x4 c:/program files (x86)/gnu tools arm embedded/4.9 2015q3/bin/../lib/gcc/arm-none-eabi/4.9.3/../../../../arm-none-eabi/lib/armv7e-m\libc.a(lib_a-impure.o)
                                  0x2 (size before relaxing)
 .rodata._global_impure_ptr
                0x08003224        0x4 c:/program files (x86)/gnu tools arm embedded/4.9 2015q3/bin/../lib/gcc/arm-none-eabi/4.9.3/../../../../arm-none-eabi/lib/armv7e-m\libc.a(lib_a-impure.o)
                0x08003224                _global_impure_ptr
                0x08003228                . = ALIGN (0x4)

.rel.dyn        0x08003228        0x0
 .rel.iplt      0x00000000        0x0 c:/program files (x86)/gnu tools arm embedded/4.9 2015q3/bin/../lib/gcc/arm-none-eabi/4.9.3/armv7e-m/crtbegin.o

.ARM.extab
 *(.ARM.extab* .gnu.linkonce.armextab.*)

.ARM            0x08003228        0x0
                0x08003228                __exidx_start = .
 *(.ARM.exidx*)
                0x08003228                __exidx_end = .

.preinit_array  0x08003228        0x0
                0x08003228                PROVIDE (__preinit_array_start, .)
 *(.preinit_array*)
                0x08003228                PROVIDE (__preinit_array_end, .)

.init_array     0x08003228        0x8
                0x08003228                PROVIDE (__init_array_start, .)
 *(SORT(.init_array.*))
 .init_array.00000
                0x08003228        0x4 c:/program files (x86)/gnu tools arm embedded/4.9 2015q3/bin/../lib/gcc/arm-none-eabi/4.9.3/../../../../arm-none-eabi/lib/armv7e-m\libc.a(lib_a-__call_atexit.o)
 *(.init_array*)
 .init_array    0x0800322c        0x4 c:/program files (x86)/gnu tools arm embedded/4.9 2015q3/bin/../lib/gcc/arm-none-eabi/4.9.3/armv7e-m/crtbegin.o
                0x08003230                PROVIDE (__init_array_end, .)

.fini_array     0x08003230        0x4
                0x08003230                PROVIDE (__fini_array_start, .)
 *(SORT(.fini_array.*))
 *(.fini_array*)
 .fini_array    0x08003230        0x4 c:/program files (x86)/gnu tools arm embedded/4.9 2015q3/bin/../lib/gcc/arm-none-eabi/4.9.3/armv7e-m/crtbegin.o
                0x08003234                PROVIDE (__fini_array_end, .)
                0x08003234                _sidata = LOADADDR (.data)

.data           0x20000000      0x440 load address 0x08003234
                0x20000000                . = ALIGN (0x4)
                0x20000000                _sdata = .
 *(.data)
 .data          0x20000000       0x14 ..\obj\system_stm32f4xx.o
                0x20000000                SystemCoreClock
                0x20000004                AHBPrescTable
 *(.data*)
 *fill*         0x20000014        0x4 
 .data.impure_data
                0x20000018      0x428 c:/program files (x86)/gnu tools arm embedded/4.9 2015q3/bin/../lib/gcc/arm-none-eabi/4.9.3/../../../../arm-none-eabi/lib/armv7e-m\libc.a(lib_a-impure.o)
                0x20000440                . = ALIGN (0x4)
                0x20000440                _edata = .
                0x08003674                _siccmram = LOADADDR (.ccmram)

.jcr            0x20000440        0x0 load address 0x08003674
 .jcr           0x20000440        0x0 c:/program files (x86)/gnu tools arm embedded/4.9 2015q3/bin/../lib/gcc/arm-none-eabi/4.9.3/armv7e-m/crtbegin.o

.igot.plt       0x20000440        0x0 load address 0x08003674
 .igot.plt      0x00000000        0x0 c:/program files (x86)/gnu tools arm embedded/4.9 2015q3/bin/../lib/gcc/arm-none-eabi/4.9.3/armv7e-m/crtbegin.o

.ccmram         0x10000000        0x0 load address 0x08003674
                0x10000000                . = ALIGN (0x4)
                0x10000000                _sccmram = .
 *(.ccmram)
 *(.ccmram*)
                0x10000000                . = ALIGN (0x4)
                0x10000000                _eccmram = .
                0x10000000                . = ALIGN (0x4)

.bss            0x20000440       0x20
                0x20000440                _sbss = .
                0x20000440                __bss_start__ = _sbss
 *(.bss)
 .bss           0x20000440       0x1c c:/program files (x86)/gnu tools arm embedded/4.9 2015q3/bin/../lib/gcc/arm-none-eabi/4.9.3/armv7e-m/crtbegin.o
 .bss           0x2000045c        0x4 ..\obj\stm32f4xx_hal.o
 *(.bss*)
 *(COMMON)
                0x20000460                . = ALIGN (0x4)
                0x20000460                _ebss = .
                0x20000460                __bss_end__ = _ebss

._user_heap_stack
                0x20000460      0x600
                0x20000460                . = ALIGN (0x4)
                0x20000460                PROVIDE (end, .)
                0x20000460                PROVIDE (_end, .)
                0x20000660                . = (. + _Min_Heap_Size)
 *fill*         0x20000460      0x200 
                0x20000a60                . = (. + _Min_Stack_Size)
 *fill*         0x20000660      0x400 
                0x20000a60                . = ALIGN (0x4)

/DISCARD/
 libc.a(*)
 libm.a(*)
 libgcc.a(*)

.ARM.attributes
                0x00000000       0x2a
 *(.ARM.attributes)
 .ARM.attributes
                0x00000000       0x1e c:/program files (x86)/gnu tools arm embedded/4.9 2015q3/bin/../lib/gcc/arm-none-eabi/4.9.3/armv7e-m/crti.o
 .ARM.attributes
                0x0000001e       0x2e c:/program files (x86)/gnu tools arm embedded/4.9 2015q3/bin/../lib/gcc/arm-none-eabi/4.9.3/armv7e-m/crtbegin.o
 .ARM.attributes
                0x0000004c       0x33 ..\obj\Rcc.o
 .ARM.attributes
                0x0000007f       0x33 ..\obj\UART.o
 .ARM.attributes
                0x000000b2       0x33 ..\obj\stm32f4xx_hal_rcc.o
 .ARM.attributes
                0x000000e5       0x33 ..\obj\Gpio.o
 .ARM.attributes
                0x00000118       0x33 ..\obj\BaudRateAlgorithm.o
 .ARM.attributes
                0x0000014b       0x21 ..\obj\startup_stm32f429xx.o
 .ARM.attributes
                0x0000016c       0x33 ..\obj\stm32f4xx_hal_gpio.o
 .ARM.attributes
                0x0000019f       0x33 ..\obj\main.o
 .ARM.attributes
                0x000001d2       0x33 ..\obj\system_stm32f4xx.o
 .ARM.attributes
                0x00000205       0x33 ..\obj\stm32f4xx_hal.o
 .ARM.attributes
                0x00000238       0x33 ..\obj\stm32f4xx_hal_cortex.o
 .ARM.attributes
                0x0000026b       0x1e c:/program files (x86)/gnu tools arm embedded/4.9 2015q3/bin/../lib/gcc/arm-none-eabi/4.9.3/armv7e-m\libgcc.a(_arm_addsubsf3.o)
 .ARM.attributes
                0x00000289       0x1e c:/program files (x86)/gnu tools arm embedded/4.9 2015q3/bin/../lib/gcc/arm-none-eabi/4.9.3/armv7e-m\libgcc.a(_arm_muldivsf3.o)
 .ARM.attributes
                0x000002a7       0x1e c:/program files (x86)/gnu tools arm embedded/4.9 2015q3/bin/../lib/gcc/arm-none-eabi/4.9.3/armv7e-m\libgcc.a(_arm_fixunssfsi.o)
 .ARM.attributes
                0x000002c5       0x1e c:/program files (x86)/gnu tools arm embedded/4.9 2015q3/bin/../lib/gcc/arm-none-eabi/4.9.3/armv7e-m/crtn.o
LOAD ..\obj\Rcc.o
LOAD ..\obj\UART.o
LOAD ..\obj\stm32f4xx_hal_rcc.o
LOAD ..\obj\Gpio.o
LOAD ..\obj\BaudRateAlgorithm.o
LOAD ..\obj\startup_stm32f429xx.o
LOAD ..\obj\stm32f4xx_hal_gpio.o
LOAD ..\obj\main.o
LOAD ..\obj\system_stm32f4xx.o
LOAD ..\obj\stm32f4xx_hal.o
LOAD ..\obj\stm32f4xx_hal_cortex.o
START GROUP
LOAD c:/program files (x86)/gnu tools arm embedded/4.9 2015q3/bin/../lib/gcc/arm-none-eabi/4.9.3/armv7e-m\libgcc.a
LOAD c:/program files (x86)/gnu tools arm embedded/4.9 2015q3/bin/../lib/gcc/arm-none-eabi/4.9.3/../../../../arm-none-eabi/lib/armv7e-m\libg.a
LOAD c:/program files (x86)/gnu tools arm embedded/4.9 2015q3/bin/../lib/gcc/arm-none-eabi/4.9.3/../../../../arm-none-eabi/lib/armv7e-m\libc.a
END GROUP
LOAD c:/program files (x86)/gnu tools arm embedded/4.9 2015q3/bin/../lib/gcc/arm-none-eabi/4.9.3/armv7e-m/crtend.o
LOAD c:/program files (x86)/gnu tools arm embedded/4.9 2015q3/bin/../lib/gcc/arm-none-eabi/4.9.3/armv7e-m/crtn.o
OUTPUT(Test.elf elf32-littlearm)

.debug_info     0x00000000     0x4616
 .debug_info    0x00000000      0x42b ..\obj\Rcc.o
 .debug_info    0x0000042b      0x65a ..\obj\UART.o
 .debug_info    0x00000a85      0xe27 ..\obj\stm32f4xx_hal_rcc.o
 .debug_info    0x000018ac      0x367 ..\obj\Gpio.o
 .debug_info    0x00001c13      0x173 ..\obj\BaudRateAlgorithm.o
 .debug_info    0x00001d86       0x9e ..\obj\startup_stm32f429xx.o
 .debug_info    0x00001e24      0x712 ..\obj\stm32f4xx_hal_gpio.o
 .debug_info    0x00002536      0x573 ..\obj\main.o
 .debug_info    0x00002aa9      0x5a5 ..\obj\system_stm32f4xx.o
 .debug_info    0x0000304e      0xa1c ..\obj\stm32f4xx_hal.o
 .debug_info    0x00003a6a      0xbac ..\obj\stm32f4xx_hal_cortex.o

.debug_abbrev   0x00000000      0xf9f
 .debug_abbrev  0x00000000      0x121 ..\obj\Rcc.o
 .debug_abbrev  0x00000121      0x1bf ..\obj\UART.o
 .debug_abbrev  0x000002e0      0x25a ..\obj\stm32f4xx_hal_rcc.o
 .debug_abbrev  0x0000053a       0xdb ..\obj\Gpio.o
 .debug_abbrev  0x00000615       0xa5 ..\obj\BaudRateAlgorithm.o
 .debug_abbrev  0x000006ba       0x12 ..\obj\startup_stm32f429xx.o
 .debug_abbrev  0x000006cc      0x1aa ..\obj\stm32f4xx_hal_gpio.o
 .debug_abbrev  0x00000876      0x15b ..\obj\main.o
 .debug_abbrev  0x000009d1      0x136 ..\obj\system_stm32f4xx.o
 .debug_abbrev  0x00000b07      0x1ff ..\obj\stm32f4xx_hal.o
 .debug_abbrev  0x00000d06      0x299 ..\obj\stm32f4xx_hal_cortex.o

.debug_aranges  0x00000000      0x168
 .debug_aranges
                0x00000000       0x20 ..\obj\Rcc.o
 .debug_aranges
                0x00000020       0x20 ..\obj\UART.o
 .debug_aranges
                0x00000040       0x20 ..\obj\stm32f4xx_hal_rcc.o
 .debug_aranges
                0x00000060       0x20 ..\obj\Gpio.o
 .debug_aranges
                0x00000080       0x20 ..\obj\BaudRateAlgorithm.o
 .debug_aranges
                0x000000a0       0x28 ..\obj\startup_stm32f429xx.o
 .debug_aranges
                0x000000c8       0x20 ..\obj\stm32f4xx_hal_gpio.o
 .debug_aranges
                0x000000e8       0x20 ..\obj\main.o
 .debug_aranges
                0x00000108       0x20 ..\obj\system_stm32f4xx.o
 .debug_aranges
                0x00000128       0x20 ..\obj\stm32f4xx_hal.o
 .debug_aranges
                0x00000148       0x20 ..\obj\stm32f4xx_hal_cortex.o

.debug_line     0x00000000     0x1a11
 .debug_line    0x00000000      0x185 ..\obj\Rcc.o
 .debug_line    0x00000185      0x24c ..\obj\UART.o
 .debug_line    0x000003d1      0x53c ..\obj\stm32f4xx_hal_rcc.o
 .debug_line    0x0000090d      0x193 ..\obj\Gpio.o
 .debug_line    0x00000aa0      0x13f ..\obj\BaudRateAlgorithm.o
 .debug_line    0x00000bdf       0xab ..\obj\startup_stm32f429xx.o
 .debug_line    0x00000c8a      0x3d7 ..\obj\stm32f4xx_hal_gpio.o
 .debug_line    0x00001061      0x1dc ..\obj\main.o
 .debug_line    0x0000123d      0x208 ..\obj\system_stm32f4xx.o
 .debug_line    0x00001445      0x2e0 ..\obj\stm32f4xx_hal.o
 .debug_line    0x00001725      0x2ec ..\obj\stm32f4xx_hal_cortex.o

.debug_str      0x00000000     0x17d4
 .debug_str     0x00000000      0x32f ..\obj\Rcc.o
                                0x38e (size before relaxing)
 .debug_str     0x0000032f      0x1dd ..\obj\UART.o
                                0x484 (size before relaxing)
 .debug_str     0x0000050c      0x415 ..\obj\stm32f4xx_hal_rcc.o
                                0x686 (size before relaxing)
 .debug_str     0x00000921       0xe9 ..\obj\Gpio.o
                                0x291 (size before relaxing)
 .debug_str     0x00000a0a       0xa0 ..\obj\BaudRateAlgorithm.o
                                0x1aa (size before relaxing)
 .debug_str     0x00000aaa      0x17e ..\obj\stm32f4xx_hal_gpio.o
                                0x4cc (size before relaxing)
 .debug_str     0x00000c28      0x5d2 ..\obj\main.o
                                0x7b5 (size before relaxing)
 .debug_str     0x000011fa       0xe3 ..\obj\system_stm32f4xx.o
                                0x396 (size before relaxing)
 .debug_str     0x000012dd      0x266 ..\obj\stm32f4xx_hal.o
                                0xacd (size before relaxing)
 .debug_str     0x00001543      0x291 ..\obj\stm32f4xx_hal_cortex.o
                                0xb08 (size before relaxing)

.comment        0x00000000       0x70
 .comment       0x00000000       0x70 ..\obj\Rcc.o
                                 0x71 (size before relaxing)
 .comment       0x00000000       0x71 ..\obj\UART.o
 .comment       0x00000000       0x71 ..\obj\stm32f4xx_hal_rcc.o
 .comment       0x00000000       0x71 ..\obj\Gpio.o
 .comment       0x00000000       0x71 ..\obj\BaudRateAlgorithm.o
 .comment       0x00000000       0x71 ..\obj\stm32f4xx_hal_gpio.o
 .comment       0x00000000       0x71 ..\obj\main.o
 .comment       0x00000000       0x71 ..\obj\system_stm32f4xx.o
 .comment       0x00000000       0x71 ..\obj\stm32f4xx_hal.o
 .comment       0x00000000       0x71 ..\obj\stm32f4xx_hal_cortex.o

.debug_frame    0x00000000      0xf98
 .debug_frame   0x00000000       0x90 ..\obj\Rcc.o
 .debug_frame   0x00000090      0x1e8 ..\obj\UART.o
 .debug_frame   0x00000278      0x204 ..\obj\stm32f4xx_hal_rcc.o
 .debug_frame   0x0000047c      0x144 ..\obj\Gpio.o
 .debug_frame   0x000005c0       0x5c ..\obj\BaudRateAlgorithm.o
 .debug_frame   0x0000061c      0x14c ..\obj\stm32f4xx_hal_gpio.o
 .debug_frame   0x00000768       0x7c ..\obj\main.o
 .debug_frame   0x000007e4       0x7c ..\obj\system_stm32f4xx.o
 .debug_frame   0x00000860      0x310 ..\obj\stm32f4xx_hal.o
 .debug_frame   0x00000b70      0x428 ..\obj\stm32f4xx_hal_cortex.o

.debug_ranges   0x00000000       0x20
 .debug_ranges  0x00000000       0x20 ..\obj\startup_stm32f429xx.o
